littlefs_driver.c:12:6:read_file_from_littlefs	120	static
littlefs_driver.c:63:6:HAL_SPI_TxCpltCallback	16	static
littlefs_driver.c:67:6:HAL_SPI_RxCpltCallback	16	static
littlefs_driver.c:71:6:nor_delay_us	16	static
littlefs_driver.c:75:6:nor_cs_assert	8	static
littlefs_driver.c:79:6:nor_cs_deassert	8	static
littlefs_driver.c:83:6:nor_spi_tx	16	static
littlefs_driver.c:89:6:nor_spi_rx	16	static
littlefs_driver.c:95:6:__init_nor	8	static
littlefs_driver.c:109:5:_fs_read	32	static
littlefs_driver.c:119:5:_fs_write	32	static
littlefs_driver.c:129:5:_fs_erase	16	static
littlefs_driver.c:137:5:_fs_sync	16	static
littlefs_driver.c:142:6:list_files	440	static
littlefs_driver.c:180:6:__init_littefs	16	static
littlefs_driver.c:236:5:count_files_in_directory	344	static
littlefs_driver.c:273:6:list_directories_with_file_count	1104	static
littlefs_driver.c:319:6:list_files_with_size	1112	static
littlefs_driver.c:363:6:__init_storage	8	static
littlefs_driver.c:368:6:write_to_file	24	static
